C51 COMPILER V9.54   UART                                                                  02/13/2025 20:30:18 PAGE 1   


C51 COMPILER V9.54, COMPILATION OF MODULE UART
OBJECT MODULE PLACED IN .\Objects\UART.obj
COMPILER INVOKED BY: D:\DevelopApplication\Keil_v5\C51\BIN\C51.EXE UART.c OPTIMIZE(8,SPEED) BROWSE DEBUG OBJECTEXTEND PR
                    -INT(.\Listings\UART.lst) OBJECT(.\Objects\UART.obj)

line level    source

   1          #include <REGX52.H>
   2          
   3          //串口初始化
   4          void UartInit(void)             //4800bps@11.0592MHz
   5          {
   6   1              PCON &= 0x7F;           //波特率不倍速
   7   1              SCON = 0x50;            //8位数据,可变波特率
   8   1              TMOD &= 0x0F;           //清除定时器1模式位
   9   1              TMOD |= 0x20;           //设定定时器1为8位自动重装方式
  10   1              TL1 = 0xFA;             //设定定时初值
  11   1              TH1 = 0xFA;             //设定定时器重装值
  12   1              ET1 = 0;                //禁止定时器1中断
  13   1              TR1 = 1;                //启动定时器1
  14   1              EA = 1;
  15   1              ES = 1;
  16   1      }
  17          //发送数据
  18          void UART_SendByte(unsigned char Byte)
  19          {
  20   1              SBUF=Byte;
  21   1              while(TI==0);
  22   1              //TI复位
  23   1              TI=0;
  24   1      }


MODULE INFORMATION:   STATIC OVERLAYABLE
   CODE SIZE        =     35    ----
   CONSTANT SIZE    =   ----    ----
   XDATA SIZE       =   ----    ----
   PDATA SIZE       =   ----    ----
   DATA SIZE        =   ----    ----
   IDATA SIZE       =   ----    ----
   BIT SIZE         =   ----    ----
END OF MODULE INFORMATION.


C51 COMPILATION COMPLETE.  0 WARNING(S),  0 ERROR(S)
