C51 COMPILER V9.54   MAIN                                                                  02/14/2026 10:46:17 PAGE 1   


C51 COMPILER V9.54, COMPILATION OF MODULE MAIN
OBJECT MODULE PLACED IN .\Objects\main.obj
COMPILER INVOKED BY: E:\DevTools\Keil_v5\C51\BIN\C51.EXE main.c OPTIMIZE(8,SPEED) BROWSE DEBUG OBJECTEXTEND PRINT(.\List
                    -ings\main.lst) TABS(2) OBJECT(.\Objects\main.obj)

line level    source

   1          #include <REGX52.H>
   2          #include "Timer0.h"
   3          #include "Key.h"
   4          #include <INTRINS.H>
   5          unsigned char KeyNum,LEDMode;
   6          void main()
   7          {
   8   1        //P2附一个初始值 
   9   1        P2=0xFE;
  10   1        Time0_Init();
  11   1        while(1)
  12   1        {
  13   2          KeyNum=getKeyNumber();
  14   2          if(KeyNum)
  15   2          {
  16   3            if(KeyNum==1)
  17   3            {
  18   4              LEDMode++;
  19   4              if(LEDMode>=2)
  20   4              {
  21   5                LEDMode=0;
  22   5              }
  23   4              
  24   4            }
  25   3          }
  26   2        }
  27   1      }
  28          
  29          //中断函数  是LED灯每秒闪烁一次 1秒等于1000毫秒
  30          void Timer0_Routine() interrupt 1
  31          {
  32   1        static unsigned int T0Count;
  33   1        TL0 = 0x66;   //设置定时初值
  34   1        TH0 = 0xFC;   //设置定时初值 TL0拼接TH0的值为64535 与溢出值相差1000us即1ms
  35   1        T0Count++;
  36   1        if(T0Count>=500)
  37   1        {
  38   2          T0Count=0;
  39   2          if(LEDMode==0)
  40   2          {
  41   3            P2=_crol_(P2,1);
  42   3          }
  43   2          if(LEDMode==1)
  44   2          {
  45   3            P2=_cror_(P2,1);
  46   3          }
  47   2        }
  48   1      }
  49          
  50          


MODULE INFORMATION:   STATIC OVERLAYABLE
   CODE SIZE        =    116    ----
C51 COMPILER V9.54   MAIN                                                                  02/14/2026 10:46:17 PAGE 2   

   CONSTANT SIZE    =   ----    ----
   XDATA SIZE       =   ----    ----
   PDATA SIZE       =   ----    ----
   DATA SIZE        =      4    ----
   IDATA SIZE       =   ----    ----
   BIT SIZE         =   ----    ----
END OF MODULE INFORMATION.


C51 COMPILATION COMPLETE.  0 WARNING(S),  0 ERROR(S)
